{
    "user_name": "JinHyeokOh01",
    "password": "test"
}